SCRIPT STARTING...
Entered __main__
Launching browser...
>>> Logging in...
  Accepted cookies modal
✅ Login successful
>>> Step: Navigating to league matches...
>>> Step: Ensuring MATCHES tab...
>>> Step: Filtering by player: Johnson, Justin...
  Selected player from dropdown
>>> Step: Scrolling to ensure all content is loaded...
>>> Step: Starting extraction...
>>> Scraping matches and user rating history...
  JS Log: Found 30 total cards
  JS Log: Skipping non-completed match
  JS Log: Skipping non-completed match
  JS Log: Skipping non-completed match
  JS Log: Skipping non-completed match
  JS Log: Skipping non-completed match
  JS Log: Skipping non-completed match
  JS Log: Skipping non-completed match
  JS Log: Skipping non-completed match
  JS Log: Skipping non-completed match
  JS Log: Skipping non-completed match
  JS Log: Skipping non-completed match
  JS Log: Skipping non-completed match
  JS Log: Skipping non-completed match
  JS Log: Skipping non-completed match
  JS Log: Skipping non-completed match
  JS Log: Skipping non-completed match
  JS Log: Skipping non-completed match
  JS Log: Skipping non-completed match
  JS Log: Skipping non-completed match
Found 0 completed matches and 0 rating history points.
>>> Extracting set scores by clicking on each match...
Completed set score extraction for 0 matches.
✅ Saved 0 new rating points and 0 new matches.
